{
  "result": "PASS",
  "jar_sha256": "dde3a5627a65c6310977e202efddaffd52c02f515e129e87918899348dc3e7b7",
  "template_sha256": "9ca26abf99570dc0b2797d8da60591e95188bfe37e9c63f4b4d10d28fbb2e23f",
  "input_template_sha256": "9b35eadf49402b56f2f06a6b4ede4639d5df7733083b2471ddeed5b2db03e049",
  "schedule_sha256": "e16ddd97159014ddc1eb48c6c8109345cdbd4397a38cc0fcf0d52e4ab588cb7c",
  "harness_sha256": "c867c04e8cfa0c1ac3c076b826bf36009b533f2eb12acab46625a1bce03b38e1",
  "driver_sha256": "5506c52c1cf4ce647ebd09a8d1e019b7f0131cf5c8982a268de7e86e0a3fe796",
  "java": "openjdk version \"1.8.0_504\"\nOpenJDK Runtime Environment (build 1.8.0_504-b01)\nOpenJDK 64-Bit Server VM (build 25.504-b01, mixed mode)\n",
  "commands": [
    [
      "/usr/lib/jvm/java-8-openjdk/bin/javac",
      "-d",
      "/home/tnazep/My Stuff/Dev/MC-Origins/run/terrain-matrix/-9223372036854775808-reverse/candidate/classes",
      "/home/tnazep/My Stuff/Dev/MC-Origins/tools/BetaTerrainHarness.java"
    ],
    [
      "/usr/lib/jvm/java-8-openjdk/bin/java",
      "-Xmx512M",
      "-Djava.awt.headless=true",
      "-cp",
      "/home/tnazep/My Stuff/Dev/MC-Origins/run/terrain-matrix/-9223372036854775808-reverse/candidate/classes",
      "BetaTerrainHarness",
      "/home/tnazep/My Stuff/Dev/MC-Origins/build/libs/Minecraft-server.jar",
      "named",
      "/home/tnazep/My Stuff/Dev/MC-Origins/run/terrain-matrix/-9223372036854775808-reverse/candidate",
      "-9223372036854775808",
      "8675309",
      "/home/tnazep/My Stuff/Dev/MC-Origins/run/terrain-matrix/-9223372036854775808-reverse/candidate/schedule.tsv"
    ]
  ],
  "seed": -9223372036854775808,
  "spawn": [
    32,
    64,
    -16
  ],
  "world_rng_seed": 8675309,
  "ticks": 0,
  "order": "overworld then nether; explicit schedule.tsv; drain lighting per request",
  "requested_chunks_per_dimension": 75,
  "chunks": 138,
  "requests_sha256": "c4ae678f4fa8e470cb01060f28bd88b32b442eb959ee1bafa71a8b49e9a42cd4"
}
