To honour the JVM settings for this build a single-use Daemon process will be forked. For more on this, please refer to https://docs.gradle.org/9.1.0/userguide/gradle_daemon.html#sec:disabling_the_daemon in the Gradle documentation.
Daemon will be stopped at the end of the build 
> Task :clean
> Task :compileJava NO-SOURCE
> Task :processResources NO-SOURCE
> Task :classes UP-TO-DATE

> Task :compileClientJava
Note: /home/tnazep/My Stuff/Dev/MC-Origins/src/client/java/net/minecraft/src/NetworkMasterThread.java uses or overrides a deprecated API.
Note: Recompile with -Xlint:deprecation for details.
Note: Some input files use unchecked or unsafe operations.
Note: Recompile with -Xlint:unchecked for details.

> Task :processClientResources
> Task :clientClasses
> Task :buildMinecraftJar

> Task :compileServerJava
Note: /home/tnazep/My Stuff/Dev/MC-Origins/src/server/java/net/minecraft/src/NetworkMasterThread.java uses or overrides a deprecated API.
Note: Recompile with -Xlint:deprecation for details.
Note: Some input files use unchecked or unsafe operations.
Note: Recompile with -Xlint:unchecked for details.

> Task :processServerResources
> Task :serverClasses
> Task :buildServerJar
> Task :jar SKIPPED
> Task :assemble
> Task :compileTestJava NO-SOURCE
> Task :processTestResources NO-SOURCE
> Task :testClasses UP-TO-DATE
> Task :test NO-SOURCE
> Task :check UP-TO-DATE
> Task :build
> Task :prepareClientNatives
> Task :copyClientLibraries

[Incubating] Problems report is available at: file:///home/tnazep/My%20Stuff/Dev/MC-Origins/build/reports/problems/problems-report.html

BUILD SUCCESSFUL in 6s
9 actionable tasks: 9 executed
Consider enabling configuration cache to speed up this build: https://docs.gradle.org/9.1.0/userguide/configuration_cache_enabling.html
