151 recipes
16 achievements
2026-09-17 15:10:14 [INFO] Starting Minecraft: Origins 1.0a1
2026-09-17 15:10:14 [WARNING] **** NOT ENOUGH RAM!
2026-09-17 15:10:14 [WARNING] To start the server with more ram, launch it as "java -Xmx1024M -Xms1024M -jar minecraft_server.jar"
2026-09-17 15:10:14 [INFO] Loading properties
2026-09-17 15:10:14 [INFO] Starting Minecraft server on 127.0.0.1:41741
2026-09-17 15:10:14 [WARNING] **** SERVER IS RUNNING IN OFFLINE/INSECURE MODE!
2026-09-17 15:10:14 [WARNING] The server will make no attempt to authenticate usernames. Beware.
2026-09-17 15:10:14 [WARNING] While this makes the game possible to play without internet access, it also opens up the ability for hackers to connect with any username they choose.
2026-09-17 15:10:14 [WARNING] To change this, set "online-mode" to "true" in the server.settings file.
2026-09-17 15:10:14 [WARNING] Failed to load ban list: java.io.FileNotFoundException: banned-players.txt (No such file or directory)
2026-09-17 15:10:14 [WARNING] Failed to load ip ban list: java.io.FileNotFoundException: banned-ips.txt (No such file or directory)
2026-09-17 15:10:14 [WARNING] Failed to load ip ban list: java.io.FileNotFoundException: ops.txt (No such file or directory)
2026-09-17 15:10:14 [WARNING] Failed to load white-list: java.io.FileNotFoundException: white-list.txt (No such file or directory)
2026-09-17 15:10:14 [INFO] Preparing level "world"
2026-09-17 15:10:14 [INFO] Preparing start region for level 0
2026-09-17 15:10:15 [INFO] Preparing spawn area: 40%
2026-09-17 15:10:16 [INFO] Preparing spawn area: 61%
2026-09-17 15:10:17 [INFO] Preparing spawn area: 85%
2026-09-17 15:10:18 [INFO] Preparing start region for level 1
2026-09-17 15:10:18 [INFO] Preparing spawn area: 4%
2026-09-17 15:10:19 [INFO] Preparing spawn area: 16%
2026-09-17 15:10:20 [INFO] Preparing spawn area: 32%
2026-09-17 15:10:21 [INFO] Preparing spawn area: 40%
2026-09-17 15:10:23 [INFO] Preparing spawn area: 52%
2026-09-17 15:10:24 [INFO] Preparing spawn area: 65%
2026-09-17 15:10:25 [INFO] Preparing spawn area: 73%
2026-09-17 15:10:26 [INFO] Preparing spawn area: 85%
2026-09-17 15:10:27 [INFO] Preparing spawn area: 97%
2026-09-17 15:10:27 [INFO] Done (13082641323ns)! For help, type "help" or "?"
2026-09-17 15:10:41 [INFO] RenderProbe [/127.0.0.1:45208] logged in with entity id 4297 at (31.5, 65.62000000476837, 18.5)
java.net.SocketException: Socket closed
	at java.net.SocketOutputStream.socketWrite(SocketOutputStream.java:118)
	at java.net.SocketOutputStream.write(SocketOutputStream.java:155)
	at java.io.BufferedOutputStream.flushBuffer(BufferedOutputStream.java:82)
	at java.io.BufferedOutputStream.flush(BufferedOutputStream.java:140)
	at java.io.DataOutputStream.flush(DataOutputStream.java:123)
	at net.minecraft.src.NetworkWriterThread.run(NetworkWriterThread.java:39)
2026-09-17 15:10:46 [INFO] RenderProbe lost connection: disconnect.endOfStream
2026-09-17 15:10:48 [INFO] RenderProbe [/127.0.0.1:45212] logged in with entity id 5049 at (31.5, 65.0, 18.5)
java.net.SocketException: Socket closed
	at java.net.SocketOutputStream.socketWrite(SocketOutputStream.java:118)
	at java.net.SocketOutputStream.write(SocketOutputStream.java:155)
	at java.io.BufferedOutputStream.flushBuffer(BufferedOutputStream.java:82)
	at java.io.BufferedOutputStream.flush(BufferedOutputStream.java:140)
	at java.io.DataOutputStream.flush(DataOutputStream.java:123)
	at net.minecraft.src.NetworkWriterThread.run(NetworkWriterThread.java:39)
2026-09-17 15:10:53 [INFO] RenderProbe lost connection: disconnect.endOfStream
2026-09-17 15:10:53 [INFO] CONSOLE: Stopping the server..
2026-09-17 15:10:53 [INFO] Stopping server
2026-09-17 15:10:53 [INFO] Saving chunks
2026-09-17 15:10:53 [INFO] Saving chunks
6-09-17 15:10:53 [INFO] Saving chunks
2026-09-17 15:10:53 [INFO] Saving chunks
