Scenario directory: /home/tnazep/My Stuff/Dev/MC-Origins/run/smoke/graphical-1866475479983233938
16 achievements
151 recipes
Sep 17, 2026 2:51:45 PM net.java.games.input.DefaultControllerEnvironment getControllers
INFO: Loading: net.java.games.input.LinuxEnvironmentPlugin
Sep 17, 2026 2:51:45 PM net.java.games.input.ControllerEnvironment log
INFO: Failed to open device (/dev/input/event0): Failed to open device /dev/input/event0 (13)


Sep 17, 2026 2:51:45 PM net.java.games.input.ControllerEnvironment log
INFO: Failed to open device (/dev/input/event1): Failed to open device /dev/input/event1 (13)


Sep 17, 2026 2:51:45 PM net.java.games.input.ControllerEnvironment log
INFO: Failed to open device (/dev/input/event10): Failed to open device /dev/input/event10 (13)


Sep 17, 2026 2:51:45 PM net.java.games.input.ControllerEnvironment log
INFO: Failed to open device (/dev/input/event11): Failed to open device /dev/input/event11 (13)


Sep 17, 2026 2:51:45 PM net.java.games.input.ControllerEnvironment log
INFO: Failed to open device (/dev/input/event12): Failed to open device /dev/input/event12 (13)


Sep 17, 2026 2:51:45 PM net.java.games.input.ControllerEnvironment log
INFO: Failed to open device (/dev/input/event13): Failed to open device /dev/input/event13 (13)


Sep 17, 2026 2:51:45 PM net.java.games.input.ControllerEnvironment log
INFO: Failed to open device (/dev/input/event14): Failed to open device /dev/input/event14 (13)


Sep 17, 2026 2:51:45 PM net.java.games.input.ControllerEnvironment log
INFO: Failed to open device (/dev/input/event15): Failed to open device /dev/input/event15 (13)


Sep 17, 2026 2:51:45 PM net.java.games.input.ControllerEnvironment log
INFO: Failed to open device (/dev/input/event16): Failed to open device /dev/input/event16 (13)


Sep 17, 2026 2:51:45 PM net.java.games.input.ControllerEnvironment log
INFO: Failed to open device (/dev/input/event17): Failed to open device /dev/input/event17 (13)


Sep 17, 2026 2:51:45 PM net.java.games.input.ControllerEnvironment log
INFO: Failed to open device (/dev/input/event18): Failed to open device /dev/input/event18 (13)


Sep 17, 2026 2:51:45 PM net.java.games.input.ControllerEnvironment log
INFO: Failed to open device (/dev/input/event19): Failed to open device /dev/input/event19 (13)


Sep 17, 2026 2:51:45 PM net.java.games.input.ControllerEnvironment log
INFO: Failed to open device (/dev/input/event2): Failed to open device /dev/input/event2 (13)


Sep 17, 2026 2:51:45 PM net.java.games.input.ControllerEnvironment log
INFO: Failed to open device (/dev/input/event20): Failed to open device /dev/input/event20 (13)


Sep 17, 2026 2:51:45 PM net.java.games.input.ControllerEnvironment log
INFO: Failed to open device (/dev/input/event21): Failed to open device /dev/input/event21 (13)


Sep 17, 2026 2:51:45 PM net.java.games.input.ControllerEnvironment log
INFO: Failed to open device (/dev/input/event22): Failed to open device /dev/input/event22 (13)


Sep 17, 2026 2:51:45 PM net.java.games.input.ControllerEnvironment log
INFO: Failed to open device (/dev/input/event23): Failed to open device /dev/input/event23 (13)


Sep 17, 2026 2:51:45 PM net.java.games.input.ControllerEnvironment log
INFO: Failed to open device (/dev/input/event24): Failed to open device /dev/input/event24 (13)


Sep 17, 2026 2:51:45 PM net.java.games.input.ControllerEnvironment log
INFO: Failed to open device (/dev/input/event25): Failed to open device /dev/input/event25 (13)


Sep 17, 2026 2:51:45 PM net.java.games.input.ControllerEnvironment log
INFO: Failed to open device (/dev/input/event3): Failed to open device /dev/input/event3 (13)


Sep 17, 2026 2:51:45 PM net.java.games.input.ControllerEnvironment log
INFO: Failed to open device (/dev/input/event5): Failed to open device /dev/input/event5 (13)


Sep 17, 2026 2:51:45 PM net.java.games.input.ControllerEnvironment log
INFO: Failed to open device (/dev/input/event6): Failed to open device /dev/input/event6 (13)


Sep 17, 2026 2:51:45 PM net.java.games.input.ControllerEnvironment log
INFO: Failed to open device (/dev/input/event7): Failed to open device /dev/input/event7 (13)


Sep 17, 2026 2:51:45 PM net.java.games.input.ControllerEnvironment log
INFO: Failed to open device (/dev/input/event8): Failed to open device /dev/input/event8 (13)


Sep 17, 2026 2:51:45 PM net.java.games.input.ControllerEnvironment log
INFO: Failed to open device (/dev/input/event9): Failed to open device /dev/input/event9 (13)


Sep 17, 2026 2:51:45 PM net.java.games.input.ControllerEnvironment log
INFO: Linux plugin claims to have found 1 controllers


Starting up SoundSystem...
Initializing LWJGL OpenAL
    (The LWJGL binding of OpenAL.  For more information, see http://www.lwjgl.org)
OpenAL initialized.

java.io.FileNotFoundException: http://s3.amazonaws.com/MinecraftResources/
	at sun.net.www.protocol.http.HttpURLConnection.getInputStream0(HttpURLConnection.java:1925)
	at sun.net.www.protocol.http.HttpURLConnection.getInputStream(HttpURLConnection.java:1520)
	at java.net.URL.openStream(URL.java:1093)
	at net.minecraft.src.ThreadDownloadResources.run(ThreadDownloadResources.java:37)
menu: Saved screenshot as 2026-09-17_14.51.47.png
java.lang.NullPointerException
	at net.minecraft.client.Minecraft.changeWorld(Minecraft.java:1268)
	at net.minecraft.client.Minecraft.changeWorld2(Minecraft.java:1252)
	at net.minecraft.client.Minecraft.startWorld(Minecraft.java:1190)
	at net.minecraft.src.ClientPlaySmokeTest.runTick(ClientPlaySmokeTest.java:45)
	at net.minecraft.client.Minecraft.run(Minecraft.java:527)
	at net.minecraft.src.ClientPlaySmokeTest.launch(ClientPlaySmokeTest.java:130)
	at net.minecraft.src.ClientPlaySmokeTest.main(ClientPlaySmokeTest.java:99)
FAIL: Unexpected error
java.lang.NullPointerException
	at net.minecraft.client.Minecraft.changeWorld(Minecraft.java:1268)
	at net.minecraft.client.Minecraft.changeWorld2(Minecraft.java:1252)
	at net.minecraft.client.Minecraft.startWorld(Minecraft.java:1190)
	at net.minecraft.src.ClientPlaySmokeTest.runTick(ClientPlaySmokeTest.java:45)
	at net.minecraft.client.Minecraft.run(Minecraft.java:527)
	at net.minecraft.src.ClientPlaySmokeTest.launch(ClientPlaySmokeTest.java:130)
	at net.minecraft.src.ClientPlaySmokeTest.main(ClientPlaySmokeTest.java:99)
AL lib: (EE) alc_cleanup: 1 device not closed
