{
  "result": "PASS",
  "jar_sha256": "dde3a5627a65c6310977e202efddaffd52c02f515e129e87918899348dc3e7b7",
  "template_sha256": "b80759d01581295e9250afe6eb8a40c3d64b9f271e5076a17baee7d7ba334ef5",
  "input_template_sha256": "9b35eadf49402b56f2f06a6b4ede4639d5df7733083b2471ddeed5b2db03e049",
  "schedule_sha256": "ff833b7f619c7518ce493c74275e1583b94e005246ca5602ac21564a270936b8",
  "harness_sha256": "c867c04e8cfa0c1ac3c076b826bf36009b533f2eb12acab46625a1bce03b38e1",
  "driver_sha256": "5506c52c1cf4ce647ebd09a8d1e019b7f0131cf5c8982a268de7e86e0a3fe796",
  "java": "openjdk version \"1.8.0_504\"\nOpenJDK Runtime Environment (build 1.8.0_504-b01)\nOpenJDK 64-Bit Server VM (build 25.504-b01, mixed mode)\n",
  "commands": [
    [
      "/usr/lib/jvm/java-8-openjdk/bin/javac",
      "-d",
      "/home/tnazep/My Stuff/Dev/MC-Origins/run/terrain-matrix/123456789-spiral/candidate/classes",
      "/home/tnazep/My Stuff/Dev/MC-Origins/tools/BetaTerrainHarness.java"
    ],
    [
      "/usr/lib/jvm/java-8-openjdk/bin/java",
      "-Xmx512M",
      "-Djava.awt.headless=true",
      "-cp",
      "/home/tnazep/My Stuff/Dev/MC-Origins/run/terrain-matrix/123456789-spiral/candidate/classes",
      "BetaTerrainHarness",
      "/home/tnazep/My Stuff/Dev/MC-Origins/build/libs/Minecraft-server.jar",
      "named",
      "/home/tnazep/My Stuff/Dev/MC-Origins/run/terrain-matrix/123456789-spiral/candidate",
      "123456789",
      "8675309",
      "/home/tnazep/My Stuff/Dev/MC-Origins/run/terrain-matrix/123456789-spiral/candidate/schedule.tsv"
    ]
  ],
  "seed": 123456789,
  "spawn": [
    32,
    64,
    -16
  ],
  "world_rng_seed": 8675309,
  "ticks": 0,
  "order": "overworld then nether; explicit schedule.tsv; drain lighting per request",
  "requested_chunks_per_dimension": 75,
  "chunks": 144,
  "requests_sha256": "a4b0b00ff14910a08d99f16ebb130d893d41fbccdfd3b56063c54d64eea8a8b3"
}
